2025-02-04 00:31:04.676547 Succssefully reached apec.fr
2025-02-04 00:31:04.748976 Clicked Mon Espace
2025-02-04 00:31:04.807071 Found email and password input elements
2025-02-04 00:31:04.942565 Succesfully entered email and password
2025-02-04 00:31:04.984993 Clicked the login button
2025-02-04 00:31:07.457735 Clicked on the Cv Section
2025-02-04 00:31:08.025450 Clicked the edit cv Button
2025-02-04 00:31:08.061043 Clicked on the save button
2025-02-04 00:31:08.061054 Succesfully updated profile on https://www.apec.fr
2025-02-10 08:45:05.231016 Succssefully reached https://www.apec.fr
2025-02-10 08:45:07.216298 Rejected cookies
2025-02-10 08:45:08.461642 Clicked Mon Espace
2025-02-10 08:45:08.488938 Found email and password input elements
2025-02-10 08:45:10.124792 Succesfully entered email and password
2025-02-10 08:45:11.988011 Clicked the login button
2025-02-10 08:45:13.917284 Clicked on the Cv Section
2025-02-10 08:45:15.471227 Clicked the edit cv Button
2025-02-10 08:45:17.261070 Clicked on the save button
2025-02-10 08:45:17.261081 Succesfully updated profile on https://www.apec.fr
2025-02-10 08:45:18.277481 ====================================================================================================
2025-02-10 08:45:18.277497 Reached https://www.hellowork.com/fr-fr/
2025-02-10 08:45:20.966600 Rejected coockies
2025-02-10 08:45:22.589391 Selected Mon Compte button
2025-02-10 08:45:24.322687 Clicked Se connecter tab.
2025-02-10 08:45:24.360439 Found email and password input elements
2025-02-10 08:45:42.439313 Succefully entered email and password
2025-02-10 08:45:43.835998 Clicked the login button
2025-02-10 08:45:47.721168 Clicked Username : Bilal
2025-02-10 08:45:50.626797 Reached Mon Profil
2025-02-10 08:45:52.996165 Clicked Poste actuel
2025-02-10 08:45:54.836236 Clicked Save profile
2025-02-10 08:45:54.836246 Succesfully updated profile on https://www.hellowork.com/fr-fr/
Traceback (most recent call last):
  File "/home/bilal0003/Projects/JobBoardUpdaterBot/scripts/cadremploi.py", line 21, in <module>
    display.start()
  File "/home/bilal0003/.local/lib/python3.10/site-packages/pyvirtualdisplay/display.py", line 72, in start
    self._obj.start()
  File "/home/bilal0003/.local/lib/python3.10/site-packages/pyvirtualdisplay/abstractdisplay.py", line 149, in start
    self._start1_has_displayfd()
  File "/home/bilal0003/.local/lib/python3.10/site-packages/pyvirtualdisplay/abstractdisplay.py", line 197, in _start1_has_displayfd
    self.display = int(self._wait_for_pipe_text(rfd))
  File "/home/bilal0003/.local/lib/python3.10/site-packages/pyvirtualdisplay/abstractdisplay.py", line 309, in _wait_for_pipe_text
    raise XStartTimeoutError(
pyvirtualdisplay.abstractdisplay.XStartTimeoutError: No reply from program Xvfb. command:['Xvfb', '-br', '-nolisten', 'tcp', '-screen', '0', '1920x1080x24', '-displayfd', '4']
2025-02-10 13:45:05.385290 Succssefully reached https://www.apec.fr
2025-02-10 13:45:06.597657 Rejected cookies
2025-02-10 13:45:07.797774 Clicked Mon Espace
2025-02-10 13:45:07.815014 Found email and password input elements
2025-02-10 13:45:08.561991 Succesfully entered email and password
2025-02-10 13:45:09.810943 Clicked the login button
2025-02-10 13:45:11.664336 Clicked on the Cv Section
2025-02-10 13:45:12.594706 Clicked the edit cv Button
2025-02-10 13:45:13.594335 Clicked on the save button
2025-02-10 13:45:13.594345 Succesfully updated profile on https://www.apec.fr
2025-02-10 13:45:14.567288 ====================================================================================================
2025-02-10 13:45:14.567302 Reached https://www.hellowork.com/fr-fr/
2025-02-10 13:45:17.442618 Rejected coockies
2025-02-10 13:45:19.420085 Selected Mon Compte button
2025-02-10 13:45:20.793584 Clicked Se connecter tab.
2025-02-10 13:45:20.835728 Found email and password input elements
2025-02-10 13:45:35.749523 Succefully entered email and password
2025-02-10 13:45:37.216250 Clicked the login button
2025-02-10 13:45:43.315263 Clicked Username : Bilal
2025-02-10 13:45:45.838778 Reached Mon Profil
2025-02-10 13:45:47.439687 Clicked Poste actuel
2025-02-10 13:45:49.648225 Clicked Save profile
2025-02-10 13:45:49.648236 Succesfully updated profile on https://www.hellowork.com/fr-fr/
Traceback (most recent call last):
  File "/home/bilal0003/Projects/JobBoardUpdaterBot/scripts/cadremploi.py", line 238, in <module>
    NavigateFunction()
  File "/home/bilal0003/Projects/JobBoardUpdaterBot/scripts/cadremploi.py", line 62, in NavigateFunction
    driver = uc.Chrome(
  File "/home/bilal0003/.local/lib/python3.10/site-packages/undetected_chromedriver/__init__.py", line 466, in __init__
    super(Chrome, self).__init__(
  File "/home/bilal0003/.local/lib/python3.10/site-packages/selenium/webdriver/chrome/webdriver.py", line 45, in __init__
    super().__init__(
  File "/home/bilal0003/.local/lib/python3.10/site-packages/selenium/webdriver/chromium/webdriver.py", line 66, in __init__
    super().__init__(command_executor=executor, options=options)
  File "/home/bilal0003/.local/lib/python3.10/site-packages/selenium/webdriver/remote/webdriver.py", line 250, in __init__
    self.start_session(capabilities)
  File "/home/bilal0003/.local/lib/python3.10/site-packages/undetected_chromedriver/__init__.py", line 724, in start_session
    super(selenium.webdriver.chrome.webdriver.WebDriver, self).start_session(
  File "/home/bilal0003/.local/lib/python3.10/site-packages/selenium/webdriver/remote/webdriver.py", line 342, in start_session
    response = self.execute(Command.NEW_SESSION, caps)["value"]
  File "/home/bilal0003/.local/lib/python3.10/site-packages/selenium/webdriver/remote/webdriver.py", line 429, in execute
    self.error_handler.check_response(response)
  File "/home/bilal0003/.local/lib/python3.10/site-packages/selenium/webdriver/remote/errorhandler.py", line 232, in check_response
    raise exception_class(message, screen, stacktrace)
selenium.common.exceptions.SessionNotCreatedException: Message: session not created: cannot connect to chrome at 127.0.0.1:59531
from chrome not reachable
Stacktrace:
#0 0x56462ad3453a <unknown>
#1 0x56462a82fd5d <unknown>
#2 0x56462a81bc7f <unknown>
#3 0x56462a86d02c <unknown>
#4 0x56462a862cea <unknown>
#5 0x56462a8b07b6 <unknown>
#6 0x56462a8afe06 <unknown>
#7 0x56462a8a4343 <unknown>
#8 0x56462a87178a <unknown>
#9 0x56462a8729de <unknown>
#10 0x56462acfe2cb <unknown>
#11 0x56462ad02242 <unknown>
#12 0x56462aceb7ac <unknown>
#13 0x56462ad02df7 <unknown>
#14 0x56462accfb2f <unknown>
#15 0x56462ad231a8 <unknown>
#16 0x56462ad23370 <unknown>
#17 0x56462ad333b6 <unknown>
#18 0x7fe04421eac3 <unknown>

2025-02-11 08:45:04.369567 Succssefully reached https://www.apec.fr
2025-02-11 08:45:06.075424 Rejected cookies
2025-02-11 08:45:06.813422 Clicked Mon Espace
2025-02-11 08:45:06.831895 Found email and password input elements
2025-02-11 08:45:08.151881 Succesfully entered email and password
2025-02-11 08:45:09.529173 Clicked the login button
2025-02-11 08:45:10.905959 Clicked on the Cv Section
2025-02-11 08:45:12.386655 Clicked the edit cv Button
2025-02-11 08:45:14.414959 Clicked on the save button
2025-02-11 08:45:14.414969 Succesfully updated profile on https://www.apec.fr
2025-02-11 08:45:15.423380 ====================================================================================================
2025-02-11 08:45:15.423394 Reached https://www.hellowork.com/fr-fr/
2025-02-11 08:45:18.437612 Rejected coockies
2025-02-11 08:45:20.038450 Selected Mon Compte button
2025-02-11 08:45:21.629811 Clicked Se connecter tab.
2025-02-11 08:45:21.665390 Found email and password input elements
2025-02-11 08:45:39.467002 Succefully entered email and password
2025-02-11 08:45:41.008294 Clicked the login button
2025-02-11 08:45:44.767788 Clicked Username : Bilal
2025-02-11 08:45:48.179662 Reached Mon Profil
2025-02-11 08:45:49.868009 Clicked Poste actuel
2025-02-11 08:45:51.708589 Clicked Save profile
2025-02-11 08:45:51.708599 Succesfully updated profile on https://www.hellowork.com/fr-fr/
Traceback (most recent call last):
  File "/home/bilal0003/Projects/JobBoardUpdaterBot/scripts/cadremploi.py", line 238, in <module>
    NavigateFunction()
  File "/home/bilal0003/Projects/JobBoardUpdaterBot/scripts/cadremploi.py", line 62, in NavigateFunction
    driver = uc.Chrome(
  File "/home/bilal0003/.local/lib/python3.10/site-packages/undetected_chromedriver/__init__.py", line 466, in __init__
    super(Chrome, self).__init__(
  File "/home/bilal0003/.local/lib/python3.10/site-packages/selenium/webdriver/chrome/webdriver.py", line 45, in __init__
    super().__init__(
  File "/home/bilal0003/.local/lib/python3.10/site-packages/selenium/webdriver/chromium/webdriver.py", line 66, in __init__
    super().__init__(command_executor=executor, options=options)
  File "/home/bilal0003/.local/lib/python3.10/site-packages/selenium/webdriver/remote/webdriver.py", line 250, in __init__
    self.start_session(capabilities)
  File "/home/bilal0003/.local/lib/python3.10/site-packages/undetected_chromedriver/__init__.py", line 724, in start_session
    super(selenium.webdriver.chrome.webdriver.WebDriver, self).start_session(
  File "/home/bilal0003/.local/lib/python3.10/site-packages/selenium/webdriver/remote/webdriver.py", line 342, in start_session
    response = self.execute(Command.NEW_SESSION, caps)["value"]
  File "/home/bilal0003/.local/lib/python3.10/site-packages/selenium/webdriver/remote/webdriver.py", line 429, in execute
    self.error_handler.check_response(response)
  File "/home/bilal0003/.local/lib/python3.10/site-packages/selenium/webdriver/remote/errorhandler.py", line 232, in check_response
    raise exception_class(message, screen, stacktrace)
selenium.common.exceptions.SessionNotCreatedException: Message: session not created: cannot connect to chrome at 127.0.0.1:48509
from chrome not reachable
Stacktrace:
#0 0x560ac156a53a <unknown>
#1 0x560ac1065d5d <unknown>
#2 0x560ac1051c7f <unknown>
#3 0x560ac10a302c <unknown>
#4 0x560ac1098cea <unknown>
#5 0x560ac10e67b6 <unknown>
#6 0x560ac10e5e06 <unknown>
#7 0x560ac10da343 <unknown>
#8 0x560ac10a778a <unknown>
#9 0x560ac10a89de <unknown>
#10 0x560ac15342cb <unknown>
#11 0x560ac1538242 <unknown>
#12 0x560ac15217ac <unknown>
#13 0x560ac1538df7 <unknown>
#14 0x560ac1505b2f <unknown>
#15 0x560ac15591a8 <unknown>
#16 0x560ac1559370 <unknown>
#17 0x560ac15693b6 <unknown>
#18 0x7f1392d56ac3 <unknown>

2025-02-11 13:45:32.153258 Succssefully reached https://www.apec.fr
2025-02-11 13:45:32.865251 Rejected cookies
2025-02-11 13:45:34.488175 Clicked Mon Espace
2025-02-11 13:45:34.504563 Found email and password input elements
2025-02-11 13:45:36.077813 Succesfully entered email and password
2025-02-11 13:45:38.093650 Clicked the login button
2025-02-11 13:45:39.650739 Clicked on the Cv Section
2025-02-11 13:45:41.713858 Clicked the edit cv Button
2025-02-11 13:45:42.778573 Clicked on the save button
2025-02-11 13:45:42.778583 Succesfully updated profile on https://www.apec.fr
2025-02-11 13:45:43.801201 ====================================================================================================
2025-02-11 13:45:43.801227 Reached https://www.hellowork.com/fr-fr/
2025-02-11 13:45:46.537935 Rejected coockies
2025-02-11 13:45:48.153453 Selected Mon Compte button
2025-02-11 13:45:49.710218 Clicked Se connecter tab.
2025-02-11 13:45:49.746860 Found email and password input elements
2025-02-11 13:46:03.253370 Succefully entered email and password
2025-02-11 13:46:04.472382 Clicked the login button
2025-02-11 13:46:09.503350 Clicked Username : Bilal
2025-02-11 13:46:12.462463 Reached Mon Profil
2025-02-11 13:46:15.237627 Clicked Poste actuel
2025-02-11 13:46:16.614626 Clicked Save profile
2025-02-11 13:46:16.614637 Succesfully updated profile on https://www.hellowork.com/fr-fr/
Traceback (most recent call last):
  File "/home/bilal0003/Projects/JobBoardUpdaterBot/scripts/cadremploi.py", line 238, in <module>
    NavigateFunction()
  File "/home/bilal0003/Projects/JobBoardUpdaterBot/scripts/cadremploi.py", line 62, in NavigateFunction
    driver = uc.Chrome(
  File "/home/bilal0003/.local/lib/python3.10/site-packages/undetected_chromedriver/__init__.py", line 466, in __init__
    super(Chrome, self).__init__(
  File "/home/bilal0003/.local/lib/python3.10/site-packages/selenium/webdriver/chrome/webdriver.py", line 45, in __init__
    super().__init__(
  File "/home/bilal0003/.local/lib/python3.10/site-packages/selenium/webdriver/chromium/webdriver.py", line 66, in __init__
    super().__init__(command_executor=executor, options=options)
  File "/home/bilal0003/.local/lib/python3.10/site-packages/selenium/webdriver/remote/webdriver.py", line 250, in __init__
    self.start_session(capabilities)
  File "/home/bilal0003/.local/lib/python3.10/site-packages/undetected_chromedriver/__init__.py", line 724, in start_session
    super(selenium.webdriver.chrome.webdriver.WebDriver, self).start_session(
  File "/home/bilal0003/.local/lib/python3.10/site-packages/selenium/webdriver/remote/webdriver.py", line 342, in start_session
    response = self.execute(Command.NEW_SESSION, caps)["value"]
  File "/home/bilal0003/.local/lib/python3.10/site-packages/selenium/webdriver/remote/webdriver.py", line 429, in execute
    self.error_handler.check_response(response)
  File "/home/bilal0003/.local/lib/python3.10/site-packages/selenium/webdriver/remote/errorhandler.py", line 232, in check_response
    raise exception_class(message, screen, stacktrace)
selenium.common.exceptions.SessionNotCreatedException: Message: session not created: cannot connect to chrome at 127.0.0.1:36993
from chrome not reachable
Stacktrace:
#0 0x55eb7e1e653a <unknown>
#1 0x55eb7dce1d5d <unknown>
#2 0x55eb7dccdc7f <unknown>
#3 0x55eb7dd1f02c <unknown>
#4 0x55eb7dd14cea <unknown>
#5 0x55eb7dd627b6 <unknown>
#6 0x55eb7dd61e06 <unknown>
#7 0x55eb7dd56343 <unknown>
#8 0x55eb7dd2378a <unknown>
#9 0x55eb7dd249de <unknown>
#10 0x55eb7e1b02cb <unknown>
#11 0x55eb7e1b4242 <unknown>
#12 0x55eb7e19d7ac <unknown>
#13 0x55eb7e1b4df7 <unknown>
#14 0x55eb7e181b2f <unknown>
#15 0x55eb7e1d51a8 <unknown>
#16 0x55eb7e1d5370 <unknown>
#17 0x55eb7e1e53b6 <unknown>
#18 0x7fc9874eaac3 <unknown>

2025-02-11 20:38:02.644054 Succssefully reached https://www.apec.fr
2025-02-11 20:38:04.573107 Rejected cookies
2025-02-11 20:38:06.375891 Clicked Mon Espace
2025-02-11 20:38:06.392819 Found email and password input elements
2025-02-11 20:38:07.659583 Succesfully entered email and password
2025-02-11 20:38:08.952141 Clicked the login button
2025-02-11 20:38:11.881459 Clicked on the Cv Section
2025-02-11 20:38:13.708381 Clicked the edit cv Button
2025-02-11 20:38:14.834802 Clicked on the save button
2025-02-11 20:38:14.834814 Succesfully updated profile on https://www.apec.fr
2025-02-11 20:38:15.912836 ====================================================================================================
2025-02-11 20:38:15.912850 Reached https://www.hellowork.com/fr-fr/
2025-02-11 20:38:18.770887 Rejected coockies
2025-02-11 20:38:20.342947 Selected Mon Compte button
2025-02-11 20:38:22.159178 Clicked Se connecter tab.
2025-02-11 20:38:22.196689 Found email and password input elements
2025-02-11 20:38:39.406223 Succefully entered email and password
2025-02-11 20:38:40.615072 Clicked the login button
2025-02-11 20:38:45.765927 Clicked Username : Bilal
2025-02-11 20:38:48.709995 Reached Mon Profil
2025-02-11 20:38:51.573905 Clicked Poste actuel
2025-02-11 20:38:53.012907 Clicked Save profile
2025-02-11 20:38:53.012918 Succesfully updated profile on https://www.hellowork.com/fr-fr/
2025-02-11 20:38:57.673797 ====================================================================================================
2025-02-11 20:38:57.673811 Reached https://www.cadremploi.fr/
2025-02-11 20:38:57.897852 Switched to iframe
2025-02-11 20:39:00.625943 Rejected cookies
2025-02-11 20:39:00.634314 Switched back to main page
2025-02-11 20:39:02.477999 Clicked the connection button
2025-02-11 20:39:02.497811 Found email and password input elements
2025-02-11 20:39:15.756387 Succefly entered email and password
2025-02-11 20:39:18.363847 Clicked je me connecte button
2025-02-11 20:39:20.298240 Clicked Username: Bilal
2025-02-11 20:39:22.910200 Clicked Mon CV
2025-02-11 20:39:26.168349 Clicked Visible button
2025-02-11 20:39:28.374275 ReClicked Visible button
2025-02-11 20:39:28.374286 Succefully updated profile on https://www.cadremploi.fr/
